[  0000000] Initializing cgroup ubs puse
  .00000]Iniazingcgupubys c
  0.0000Intilinggrp suyscpcct[    0.000000] Linux version 4.4.0-171-generic (buildd@lcy01-amd64-018) (gcc version 5.4.0 20160609 (Ubuntu 5.4.0-6ubuntu1~16.04.12) ) #200-Ubuntu SMP Tue Dec 3 11:04:55 UTC 2019 (Ubuntu 4.4.0-171.200-generic 4.4.203)
[    0.000000] Command line: BOOT_IMAGE=/boot/vmlinuz-4.4.0-171-generic root=LABEL=cloudimg-rootfs ro console=tty1 console=ttyS0
[    0.000000] KERNEL supported cpus:
[    0.000000]   Intel GenuineIntel
[    0.000000]   AMD AuthenticAMD
[    0.000000]   Centaur CentaurHauls
[    0.000000] x86/fpu: xstate_offset[2]:  576, xstate_sizes[2]:  256
[    0.000000] x86/fpu: Supporting XSAVE feature 0x01: 'x87 floating point registers'
[    0.000000] x86/fpu: Supporting XSAVE feature 0x02: 'SSE registers'
[    0.000000] x86/fpu: Supporting XSAVE feature 0x04: 'AVX registers'
[    0.000000] x86/fpu: Enabled xstate features 0x7, context size is 832 bytes, using 'standard' format.
[    0.000000] e820: BIOS-provided physical RAM map:
[    0.000000] BIOS-e820: [mem 0x0000000000000000-0x000000000009fbff] usable
[    0.000000] BIOS-e820: [mem 0x000000000009fc00-0x000000000009ffff] reserved
[    0.000000] BIOS-e820: [mem 0x00000000000f0000-0x00000000000fffff] reserved
[    0.000000] BIOS-e820: [mem 0x0000000000100000-0x000000003ffeffff] usable
[    0.000000] BIOS-e820: [mem 0x000000003fff0000-0x000000003fffffff] ACPI data
[    0.000000] BIOS-e820: [mem 0x00000000fec00000-0x00000000fec00fff] reserved
[    0.000000] BIOS-e820: [mem 0x00000000fee00000-0x00000000fee00fff] reserved
[  0.0000 BIO-e0:mem 0x000000fffc0000-0x00000000ffffffff] reserved
[    0.000000] NX (Execute Disable) protection: active
[    0.000000] SMBIOS 2.5 present.
[    0.000000] Hypervisor detected: KVM
[    0.000000]ernel/User page tables isolation: disabled
[    0.000000] e820: last_pfn = 0x3fff0 max_arch_pfn = 0x400000000
[    0.000000] MTRR: Disabled
[    0.000000] x86/PAT: MTRRs disabled, skipping PAT initialization too.
[    0.000000] CPU MTRRs all blank - virtualized system.
[    0.000000] x86/PAT: Configuration [0-7]: WB  WT  UC- UC  WB  WT  UC- UC  
[    0.000000] found SMP MP-table at [mem 0x0009fff0-0x0009ffff] mapped at [ffff88000009fff0]
[    0.000000] Scanning 1 areas for low memory corruption
[    0.000000] RAMDISK: [mem 0x362e2000-0x37168fff]
[    0.00000] ACP: rly tae heksm vericaio dsabled    0.000000] ACPI: RSDP 0x00000000000E0000 000024 (v02 VBOX  )
[    0.000000] ACPI: XSDT 0x000000003FFF0030 00003C (v01 VBOX   VBOXXSDT 00000001 ASL  00000061)
[    0.000000] ACPI: FACP 0x000000003FFF00F0 0000F4 (v04 VBOX   VBOXFACP 00000001 ASL  00000061)
[    0.000000] ACPI: DSDT 0x000000003FFF0470 0021FF (v02 VBOX   VBOXBIOS 00000002 INTL 20100528)
[    0.000000] ACPI: FACS 0x000000003FFF0200 000040
[    0.000000] ACPI: FACS 0x000000003FFF0200 000040
[    0.000000] ACPI: APIC 0x000000003FFF0240 00005C (v02 VBOX   VBOXAPIC 00000001 ASL  00000061)
[    0.000000] ACPI: SSDT 0x000000003FFF02A0 001CC (v01 VBOX   VBOXCPUT 00000002 INTL 20100528)
[    0.000000] No NUMA configuration found
[    0.000000] Faking a node at [mem 0x0000000000000000-0x000000003ffeffff]
[    0.000000] NODE_DATA(0) allocated [mem 0x3ffeb000-0x3ffeffff]
[    0.000000] kvm-clock: Using msrs 4b564d01 and 4b564d00
[    0.000000] kvm-clock: cp0, msr 0:3ffe3001, riary cpu clock
[    0.000000] kvm-clock: using sched offset of 3382852023 cycles
[    0.000000] clocksource: kvm-clock: mask: 0xffffffffffffffff max_cycles: 0x1cd42e4dffb, max_idle_ns: 881590591483 ns
[    0.000000] Zone ranges:
[    0.000000]   DMA      [mem 0x0000000000001000-0x0000000000ffffff]
[    0.000000]   DMA32    [mem 0x0000000001000000-0x000000003ffeffff]
[    0.000000]   Normal   empty
[    0.000000]   Device   empty
[    0.000000] Movable zone start for each node
[  0000] ar mory deanes
  0.0000]   od   [em 00000000000x0000000eff]
  0.0000  de  0:me0x00000010000-000003ffff][    0.000000] Initmem setup node 0 [mem 0x0000000000001000-0x000000003ffeffff]
[    0.000000] ACPI: PM-Timer IO Port: 0x4008
[  0000] IPI0] apiid2,ersi 32, adress 0xfec00000, GSI 0-23
[    0.000000] ACPI: INT_SRC_OVR (bus 0 bus_irq 0 global_irq 2 dfl dfl)
[    0.000000] ACPI: INT_SRC_OVR (bus 0 bus_irq 9 global_irq 9 low level)
[    0.000000] Using ACPI (MADT) for SMP configuration information
[    0.000000] smpboot: Allowing 2 CPUs, 0 hotplug CPUs
[    0.000000] PM: Registered nosave memory: [mem 0x00000000-0x00000fff]
[    0.000000] PM: Registered nosave memory: [mem 0x0009f000-0x0009ffff]
[    0.000000] PM: Registered nosave memory: [mem 0x000a0000-0x000effff]
[    0.000000] PM: Registered nosave memory: [mem 0x000f0000-0x000fffff]
[    0.000000] e820: [mem 0x40000000-0xfebfffff] available for PCI devices
[    0.000000] Booting paravirtualized kernel on KVM
[    0.000000] clocksource: refined-jiffies: mask: 0xffffffff max_cycles: 0xffffffff, max_idle_ns: 7645519600211568 ns
[    0.000000] setup_percpu: NR_CPUS:512 n_cpuskit:52 nrpuds2 r_od_is:
[  0.000 PRCPUEmddd 33ag/cu @fff883f000 s948812 d328108576[  0.0000] Built 1 zonelitsn ode de mbili gupng o  ta pags: 257912
[    0.000000] Policy zone: DMA32
[    0.000000] Kernel command line: BOOT_IMAGE=/boot/vmlinuz-4.4.0-171-generic root=LABEL=cloudimg-rootfs ro console=tty1 console=ttyS0
[    0.00000] PID hash table entries: 4096 (order: 3, 32768 bytes)
[    0.000000] Memory: 997680K/1048120K available (8626K kernel code, 1336K rwdata, 4032K rodata, 1488K init, 1288K bss, 50440K reserved, 0K cma-reserved)
[    0.000000] SLUB: HWalign=64, Order=0-3, MinObjects=0, CPUs=2, Nodes=1
[    0.000000] Hierarchical RCU implementation.
[    0.000000] 	Build-time adjustment of leaf fanout to 64.
[    0.000000] 	RCU restricting CPUs from NR_CPUS=512 to nr_cpu_ids=2.
[    0.00000 RCU: Adjusting geometry for rcu_fanout_leaf=64, nr_cpu_ids=2
[    0.000000] NR_IRQS:33024 nr_irqs:440 16
[    0.000000] Console: colour VGA+ 80x25
[    0.000000] console [tty1] enabled
[    0.000000] console [ttyS0] enabled
[    0.000000] tsc: Detected 1992.004 MHz processor
[    2.821483] Calibrating delay loop (skipped) preset value.. 3984.00 BogoMIPS (lpj=7968016)
[    2.822625] pid_max: default: 32768 minimum: 301
[    2.962628] ACPI: Core revision 20150930
[    3.019266] ACPI: 2 ACPI AML tables successfully acquired and loaded
[    3.102036] Security Framework initialized
[    3.114178] Yama: becoming mindful.
[    3.114715] AppArmor: AppArmor initialized
[    3.115308] Dentry cache hash table entries: 131072 (order: 8, 1048576 bytes)
[    3.116231] Inode-cache hash table entries: 65536 (order: 7, 524288 bytes)
[    3.164016] Mount-cache hash table entries: 2048 (order: 2, 16384 bytes)
[    3.291050] Mountpoint-cache hash table entries: 2048 (order: 2, 16384 bytes)
[    3.341247] Initializing cgroup subsys io
[    3.425454] Initializing cgroup subsys memory
[    3.540620] Initializing cgroup subsys devices
[    3.686087] Initializing cgroup subsys freezer
[    3.826728] Initializing cgroup subsys net_cls
[    3.879569] Initializing cgroup subsys perf_event
[    3.880199] Initializing cgroup subsys net_prio
[    3.880783] Initializing cgroup subsys hugetlb
[    3.907725] Initializing cgroup subsys pids
[    4.009318] mce: CPU supports 0 MCE banks
[    4.009902] Last level iTLB entries: 4KB 64, 2MB 8, 4MB 8
[    4.010550] Last level dTLB entries: 4KB 64, 2MB 0, 4MB 0, 1GB 4
[    4.011251] Spectre V1 : Mitigation: usercopy/swapgs barriers and __user pointer sanitization
[    4.012366] Spectre V2 : Mitigation: Enhanced IBRS
[    4.012973] Spectre V2 : Spectre v2 / SpectreRSB mitigation: Filling RSB on context switch
[    4.014265] Speculative Store Bypass: Vulnerable
[    4.016613] Freeing SMP alternatives memory: 36K
[    4.021192] ftrace: allocating 32302 entries in 127 pages
[    4.052362] smpboot: APIC(0) Converting physical 0 to logical package 0
[    4.101167] smpboot: Max logical packages: 1
[    4.109213] x2apic enabled
[    4.109836] Switched APIC routing to physical x2apic.
[    4.203351] ..TIMER: vector=0x30 apic1=0 pin1=2 apic2=-1 pin2=-1
[    4.459012] smpboot: CPU0: Intel(R) Core(TM) i7-8565U CPU @ 1.80GHz (family: 0x6, model: 0x8e, stepping: 0xc)
[    4.738045] Performance Events: unsupported p6 CPU model 142 no PMU driver, software events only.
[    4.745819] KVM setup paravirtual spinlock
[    4.857705] x86: Booting SMP configuration:
[    4.987867] .... node  #0, CPUs:      #1
[    5.101949] kvm-clock: cpu 1, msr 0:3ffe3041, secondary cpu clock
[    5.129554] mce: CPU supports 0 MCE banks
[    5.138326] x86: Booted up 1 node, 2 CPUs
[    5.160732] smpboot: Total of 2 processors activated (7968.01 BogoMIPS)
[    5.162086] devtmpfs: initialized
[    5.164837] evm: security.selinux
[    5.165523] evm: security.SMACK64
[    5.167602] evm: security.SMACK64EXEC
[    5.168248] evm: security.SMACK64TRANSMUTE
[    5.168904] evm: security.SMACK64MMAP
[    5.169495] evm: security.ima
[    5.170013] evm: security.capability
[    5.170719] clocksource: jiffies: mask: 0xffffffff max_cycles: 0xffffffff, max_idle_ns: 7645041785100000 ns
[    5.189492] futex hash table entries: 512 (order: 3, 32768 bytes)
[    5.193417] pinctrl core: initialized pinctrl subsystem
[    5.194152] RTC time: 10:39:11, date: 01/17/20
[    5.234238] NET: Registered protocol family 16
[    5.374722] cpuidle: using governor ladder
[    5.491111] cpuidle: using governor menu
[    5.590844] PCCT header not found.
[    5.687548] ACPI: bus type PCI registered
[    5.751871] acpiphp: ACPI Hot Plug PCI Controller Driver version: 0.5
[    5.809436] PCI: Using configuration type 1 for base access
[    5.902783] ACPI: Added _OSI(Module Device)
[    5.911251] ACPI: Added _OSI(Processor Device)
[    5.912627] ACPI: Added _OSI(3.0 _SCP Extensions)
[    5.913889] ACPI: Added _OSI(Processor Aggregator Device)
[    5.916161] ACPI: Executed 1 blocks of module-level executable AML code
[    5.920046] ACPI: Interpreter enabled
[    5.920936] ACPI: (supports S0 S5)
[    5.921790] ACPI: Using IOAPIC for interrupt routing
[    5.922944] PCI: Using host bridge windows from ACPI; if necessary, use "pci=nocrs" and report a bug
[    5.933558] ACPI: PCI Root Bridge [PCI0] (domain 0000 [bus 00-ff])
[    5.934429] acpi PNP0A03:00: _OSC: OS supports [ASPM ClockPM Segments MSI]
[    5.935368] acpi PNP0A03:00: _OSC: not requesting OS control; OS requires [ExtendedConfig ASPM ClockPM MSI]
[    5.936767] acpi PNP0A03:00: fail to add MMCONFIG information, can't access extended PCI configuration space under this bridge.
[    6.074726] PCI host bridge to bus 0000:00
[    6.090986] pci_bus 0000:00: root bus resource [io  0x0000-0x0cf7 window]
[    6.154306] pci_bus 0000:00: root bus resource [io  0x0d00-0xffff window]
[    6.192308] pci_bus 0000:00: root bus resource [mem 0x000a0000-0x000bffff window]
[    6.193370] pci_bus 0000:00: root bus resource [mem 0x40000000-0xfdffffff window]
[    6.211466] pci_bus 0000:00: root bus resource [bus 00-ff]
[    6.213572] pci 0000:00:01.1: legacy IDE quirk: reg 0x10: [io  0x01f0-0x01f7]
[    6.214531] pci 0000:00:01.1: legacy IDE quirk: reg 0x14: [io  0x03f6]
[    6.323015] pci 0000:00:01.1: legacy IDE quirk: reg 0x18: [io  0x0170-0x0177]
[    6.492373] pci 0000:00:01.1: legacy IDE quirk: reg 0x1c: [io  0x0376]
[    6.673855] pci 0000:00:07.0: quirk: [io  0x4000-0x403f] claimed by PIIX4 ACPI
[    6.681614] pci 0000:00:07.0: quirk: [io  0x4100-0x410f] claimed by PIIX4 SMB
[    6.688122] ACPI: PCI Interrupt Link [LNKA] (IRQs 5 9 10 *11)
[    6.689204] ACPI: PCI Interrupt Link [LNKB] (IRQs 5 9 *10 11)
[    6.728012] ACPI: PCI Interrupt Link [LNKC] (IRQs 5 *9 10 11)
[    6.871399] ACPI: PCI Interrupt Link [LNKD] (IRQs 5 9 10 *11)
[    6.872438] ACPI: Enabled 2 GPEs in block 00 to 07
[    6.873474] vgaarb: setting as boot device: PCI:0000:00:02.0
[    6.982028] vgaarb: device added: PCI:0000:00:02.0,decodes=io+mem,owns=io+mem,locks=none
[    6.983085] vgaarb: loaded
[    6.983549] vgaarb: bridge control possible 0000:00:02.0
[    6.984363] SCSI subsystem initialized
[    7.057423] ACPI: bus type USB registered
[    7.093638] usbcore: registered new interface driver usbfs
[    7.094354] usbcore: registered new interface driver hub
[    7.095053] usbcore: registered new device driver usb
[    7.096028] PCI: Using ACPI for IRQ routing
[    7.104825] NetLabel: Initializing
[    7.105305] NetLabel:  domain hash size = 128
[    7.105898] NetLabel:  protocols = UNLABELED CIPSOv4
[    7.108387] NetLabel:  unlabeled traffic allowed by default
[    7.109225] amd_nb: Cannot enumerate AMD northbridges
[    7.160512] clocksource: Switched to clocksource kvm-clock
[    7.169323] AppArmor: AppArmor Filesystem Enabled
[    7.170052] pnp: PnP ACPI init
[    7.171031] pnp: PnP ACPI: found 3 devices
[  779975] clocksource: acpi_pm: mask: 0xffffff max_cycles: 0xffffff, max_idle_ns: 2085701024 ns
[    7.266769] NET: Registered protocol family 2

[    7.267666] TCP established hash table entries: 8192 (order: 4, 65536 bytes)
[    7.268726] TCP bind hash table entries: 8192 (order: 5, 131072 bytes)
[    7.269696] TCP: Hash tables configured (established 8192 bind 8192)
[    7.270654] UDP hash table entries: 512 (order: 2, 16384 bytes)
[    7.271546] UDP-Lite hash table entries: 512 (order: 2, 16384 bytes)
[    7.272687] NET: Registered protocol family 1
[    7.273470] pci 0000:00:00.0: Limiting direct PCI/PCI transfers
[    7.274407] pci 0000:00:01.0: Activating ISA DMA hang workarounds
[    7.277703] Unpacking initramfs...
[    7.475627] Freeing initrd memory: 14876K
[    7.597687] clocksource: tsc: mask: 0xffffffffffffffff max_cycles: 0x396d59a56c3, max_idle_ns: 881590573781 ns
[    7.797507] platform rtc_cmos: registered platform RTC device (no PNP device found)
[    7.959752] Scanning for low memory corruption every 60 seconds
[    8.083727] audit: initializing netlink subsys (disabled)
[    8.129283] audit: type=2000 audit(1579257552.818:1): initialized
[    8.130216] Initialise system trusted keyring
[    8.131217] HugeTLB registered 2 MB page size, pre-allocated 0 pages
[    8.139226] zbud: loaded
[    8.140099] VFS: Disk quotas dquot_6.6.0
[    8.142141] VFS: Dquot-cache hash table entries: 512 (order 0, 4096 bytes)
[    8.143136] squashfs: version 4.0 (2009/01/31) Phillip Lougher
[    8.144139] fuse init (API version 7.23)
[    8.179305] Key type big_key registered
[    8.265786] Allocating IMA MOK and blacklist keyrings.
[    8.281389] Key type asymmetric registered
[    8.281935] Asymmetric key parser 'x509' registered
[    8.300056] Block layer SCSI generic (bsg) driver version 0.4 loaded (major 249)
[    8.324098] io scheduler noop registered
[    8.324832] io scheduler deadline registered (default)
[    8.325667] io scheduler cfq registered
[    8.326392] pci_hotplug: PCI Hot Plug PCI Core version: 0.5
[    8.329803] pciehp: PCI Express Hot Plug Controller Driver version: 0.4
[    8.330887] ACPI: AC Adapter [AC] (on-line)
[    8.378590] input: Power Button as /devices/LNXSYSTM:00/LNXPWRBN:00/input/input0
[    8.379604] ACPI: Power Button [PWRF]
[    8.380216] input: Sleep Button as /devices/LNXSYSTM:00/LNXSLPBN:00/input/input1
[    8.381212] ACPI: Sleep Button [SLPF]
[    8.381896] GHES: HEST is not enabled!
[    8.382362] ACPI: Battery Slot [BAT0] (battery present)
[    8.443694] Serial: 8250/16550 driver, 32 ports, IRQ sharing enabled
[    8.524048] 00:02: ttyS0 at I/O 0x3f8 (irq = 4, base_baud = 115200) is a 16550A
[    8.527425] Linux agpgart interface v0.103
[    8.529114] loop: module loaded
[    8.529910] scsi host0: ata_piix
[    8.530455] scsi host1: ata_piix
[    8.530930] ata1: PATA max UDMA/33 cmd 0x1f0 ctl 0x3f6 bmdma 0xd000 irq 14
[    8.531738] ata2: PATA max UDMA/33 cmd 0x170 ctl 0x376 bmdma 0xd008 irq 15
[    8.532576] libphy: Fixed MDIO Bus: probed
[    8.570869] tun: Universal TUN/TAP device driver, 1.6
[    8.571618] tun: (C) 1999-2004 Max Krasnyansky <maxk@qualcomm.com>
[    8.572629] PPP generic driver version 2.4.2
[    8.576931] ehci_hcd: USB 2.0 'Enhanced' Host Controller (EHCI) Driver
[    8.731823] ehci-pci: EHCI PCI platform driver
[    8.732471] ehci-platform: EHCI generic platform driver
[    8.733248] ohci_hcd: USB 1.1 'Open' Host Controller (OHCI) Driver
[    8.733960] ohci-pci: OHCI PCI platform driver
[    8.734523] ohci-platform: OHCI generic platform driver
[    8.735149] uhci_hcd: USB Universal Host Controller Interface driver
[    8.735949] i8042: PNP: PS/2 Controller [PNP0303:PS2K,PNP0f03:PS2M] at 0x60,0x64 irq 1,12
[    8.737324] serio: i8042 KBD port at 0x60,0x64 irq 1
[    8.737926] serio: i8042 AUX port at 0x60,0x64 irq 12
[    8.738802] mousedev: PS/2 mouse device common for all mice
[    8.771313] input: AT Translated Set 2 keyboard as /devices/platform/i8042/serio0/input/input2
[    8.777291] rtc_cmos rtc_cmos: rtc core: registered rtc_cmos as rtc0
[    8.777360] rtc_cmos rtc_cmos: alarms up to one day, 114 bytes nvram
[    8.777366] i2c /dev entries driver
[    8.777418] device-mapper: uevent: version 1.0.3
[    8.777450] device-mapper: ioctl: 4.34.0-ioctl (2015-10-28) initialised: dm-devel@redhat.com
[    8.777465] ledtrig-cpu: registered to indicate activity on CPUs
[    8.777637] NET: Registered protocol family 10
[    8.777740] NET: Registered protocol family 17
[    8.777747] Key type dns_resolver registered
[    8.777884] registered taskstats version 1
[    8.777892] Loading compiled-in X.509 certificates
[    8.778304] Loaded X.509 cert 'Build time autogenerated kernel key: e951a32ceec0422669d36e9913b2c7dea5e0a587'
[    8.778316] zswap: loaded using pool lzo/zbud
[    8.833501] Key type trusted registered
[    8.835007] Key type encrypted registered
[    8.835010] AppArmor: AppArmor sha1 policy hashing enabled
[    8.835012] ima: No TPM chip found, activating TPM-bypass!
[    8.835015] ima: Allocated hash algorithm: sha1
[    8.835025] evm: HMAC attrs: 0x1
[    8.835244]   Magic number: 4:438:679
[    8.841524] rtc_cmos rtc_cmos: setting system clock to 2020-01-17 10:39:15 UTC (1579257555)
[    8.841581] BIOS EDD facility v0.16 2004-Jun-25, 0 devices found
[    8.841581] EDD information not available.
[    8.963453] Freeing unused kernel memory: 1488K
[    8.972751] Write protecting the kernel read-only data: 14336k
[    8.981904] Freeing unused kernel memory: 1604K
[    8.983409] Freeing unused kernel memory: 64K
Loading, please [    8.997366] random: systemd-udevd: uninitialized urandom read (16 bytes read, 3 bits of entropy available)
wait...
starting version 229
[    9.001567] random: udevadm: uninitialized urandom read (16 bytes read, 3 bits of entropy available)
[    9.001580] random: udevadm: uninitialized urandom read (16 bytes read, 3 bits of entropy available)
[    9.006319] random: udevadm: uninitialized urandom read (16 bytes read, 3 bits of entropy available)
[    9.006345] random: udevadm: uninitialized urandom read (16 bytes read, 3 bits of entropy available)
[    9.006424] random: udevadm: uninitialized urandom read (16 bytes read, 3 bits of entropy available)
[    9.006453] random: udevadm: uninitialized urandom read (16 bytes read, 3 bits of entropy available)
[    9.006497] random: udevadm: uninitialized urandom read (16 bytes read, 3 bits of entropy available)
[    9.006526] random: udevadm: uninitialized urandom read (16 bytes read, 3 bits of entropy available)
[    9.006553] random: udevadm: uninitialized urandom read (16 bytes read, 3 bits of entropy available)
[    9.180242] e1000: Intel(R) PRO/1000 Network Driver - version 7.3.21-k8-NAPI
[    9.182991] e1000: Copyright (c) 1999-2006 Intel Corporation.
[    9.199400] Fusion MPT base driver 3.04.20
[    9.283201] Copyright (c) 1999-2008 LSI Corporation
[    9.364015] Fusion MPT SPI Host driver 3.04.20
[    9.378336] AVX2 version of gcm_enc/dec engaged.
[    9.385702] AES CTR mode by8 optimization enabled
[    9.551618] input: ImExPS/2 Generic Explorer Mouse as /devices/platform/i8042/serio1/input/input4
[    9.786164] e1000 0000:00:03.0 eth0: (PCI:33MHz:32-bit) 02:d7:6c:25:93:fc
[    9.787065] e1000 0000:00:03.0 eth0: Intel(R) PRO/1000 Network Connection
[    9.788478] mptbase: ioc0: Initiating bringup
[   10.338000] ioc0: LSI53C1030 A0: Capabilities={Initiator}
[   11.278071] scsi host2: ioc0: LSI53C1030 A0, FwRev=00000000h, Ports=1, MaxQ=256, IRQ=20
[   11.582724] scsi 2:0:0:0: Direct-Access     VBOX     HARDDISK         1.0  PQ: 0 ANSI: 5
[   11.670289] scsi target2:0:0: Beginning Domain Validation
[   11.728407] scsi target2:0:0: Domain Validation skipping write tests
[   11.775605] scsi target2:0:0: Ending Domain Validation
[   11.813495] scsi target2:0:0: asynchronous
[   11.857446] scsi 2:0:1:0: Direct-Access     VBOX     HARDDISK         1.0  PQ: 0 ANSI: 5
[   11.904451] e1000 0000:00:08.0 eth1: (PCI:33MHz:32-bit) 08:00:27:19:1d:ac
[   11.904454] e1000 0000:00:08.0 eth1: Intel(R) PRO/1000 Network Connection
[   11.967726] e1000 0000:00:08.0 enp0s8: renamed from eth1
[   11.975386] scsi target2:0:1: Beginning Domain Validation
[   11.977426] scsi target2:0:1: Domain Validation skipping write tests
[   11.978221] scsi target2:0:1: Ending Domain Validation
[   11.985777] scsi target2:0:1: asynchronous
[   11.990843] sd 2:0:0:0: Attached scsi generic sg0 type 0
[   11.991042] sd 2:0:0:0: [sda] 20971520 512-byte logical blocks: (10.7 GB/10.0 GiB)
[   11.991116] sd 2:0:0:0: [sda] Write Protect is off
[   11.991165] sd 2:0:0:0: [sda] Incomplete mode parameter data
[   11.991166] sd 2:0:0:0: [sda] Assuming drive cache: write through
[   11.993041] e1000 0000:00:03.0 enp0s3: renamed from eth0
[   12.007328]  sda: sda1
[   12.008111] sd 2:0:0:0: [sda] Attached SCSI disk
[   12.016687] sd 2:0:1:0: [sdb] 20480 512-byte logical blocks: (10.5 MB/10.0 MiB)
[   12.054571] sd 2:0:1:0: Attached scsi generic sg1 type 0
[   12.055778] sd 2:0:1:0: [sdb] Write Protect is off
[   12.056853] sd 2:0:1:0: [sdb] Incomplete mode parameter data
[   12.057744] sd 2:0:1:0: [sdb] Assuming drive cache: write through
[   12.061284] sd 2:0:1:0: [sdb] Attached SCSI disk
Begin: Loading e[   13.323936] md: linear personality registered for level -1
ssential drivers[   13.332024] md: multipath personality registered for level -4
 ... [   13.340050] md: raid0 personality registered for level 0
[   13.349412] md: raid1 personality registered for level 1
[   13.420778] raid6: sse2x1   gen() 13150 MB/s
[   13.608702] raid6: sse2x1   xor()  8116 MB/s
[   13.684748] raid6: sse2x2   gen() 16926 MB/s
[   13.877108] raid6: sse2x2   xor() 12258 MB/s
[   14.068959] raid6: sse2x4   gen() 19294 MB/s
[   14.236829] raid6: sse2x4   xor() 12600 MB/s
[   14.356874] raid6: avx2x1   gen() 26262 MB/s
[   14.444786] raid6: avx2x2   gen() 31676 MB/s
[   14.620811] raid6: avx2x4   gen() 34734 MB/s
[   14.651750] raid6: using algorithm avx2x4 gen() 34734 MB/s
[   14.652743] raid6: using avx2x2 recovery algorithm
[   14.679347] xor: automatically using best checksumming function:
[   14.721321]    avx       : 37915.000 MB/sec
[   14.793198] async_tx: api initialized (async)
[   14.801485] md: raid6 personality registered for level 6
[   14.814673] md: raid5 personality registered for level 5
[   14.815314] md: raid4 personality registered for level 4
[   14.834624] md: raid10 personality registered for level 10
done.
Begin: Running /scripts/init-premount ... done.
Begin: Mounting root file system ... Begin: Running /scripts/local-top ... done.
Begin: Running /scripts/local-premount ... [   14.992179] Btrfs loaded
Scanning for Btrfs filesystems
done.
Warning: fsck no[   15.076065] EXT4-fs (sda1): INFO: recovery required on readonly filesystem
t present, so sk[   15.287962] EXT4-fs (sda1): write access will be enabled during recovery
ipping root file system
[   15.619996] EXT4-fs (sda1): recovery complete
[   15.621278] EXT4-fs (sda1): mounted filesystem with ordered data mode. Opts: (null)
done.
Begin: Running /scripts/local-bottom ... done.
Begin: Running /scripts/init-bottom ... done.
[   15.750853] systemd[1]: systemd 229 running in system mode. (+PAM +AUDIT +SELINUX +IMA +APPARMOR +SMACK +SYSVINIT +UTMP +LIBCRYPTSETUP +GCRYPT +GNUTLS +ACL +XZ -LZ4 +SECCOMP +BLKID +ELFUTILS +KMOD -IDN)
[   15.753287] systemd[1]: Detected virtualization oracle.
[   15.753920] systemd[1]: Detected architecture x86-64.

Welcome to [1mUbuntu 16.04.6 LTS[0m!

[   15.759908] systemd[1]: Set hostname to <ubuntu-xenial>.
[   15.798224] random: nonblocking pool is initialized
[   15.877962] systemd[1]: Reached target System Time Synchronized.
[[0;32m  OK  [0m] Reached target System Time Synchronized.
[   15.879766] systemd[1]: Listening on Device-mapper event daemon FIFOs.
[[0;32m  OK  [0m] Listening on Device-mapper event daemon FIFOs.
[   15.881900] systemd[1]: Created slice User and Session Slice.
[[0;32m  OK  [0m] Created slice User and Session Slice.
[   15.883578] systemd[1]: Reached target User and Group Name Lookups.
[[0;32m  OK  [0m] Reached target User and Group Name Lookups.
[   15.930970] systemd[1]: Listening on udev Control Socket.
[[0;32m  OK  [0m] Listening on udev Control Socket.
[   16.181435] systemd[1]: Reached target Swap.
[[0;32m  OK  [0m] Reached target Swap.
[   16.337412] systemd[1]: Listening on LVM2 metadata daemon socket.
[[0;32m  OK  [0m] Listening on LVM2 metadata daemon socket.
[   16.529594] systemd[1]: Listening on /dev/initctl Compatibility Named Pipe.
[[0;32m  OK  [0m] Listening on /dev/initctl Compatibility Named Pipe.
[   16.809933] systemd[1]: Created slice System Slice.
[[0;32m  OK  [0m] Created slice System Slice.
[   16.879331] systemd[1]: Reached target Slices.
[[0;32m  OK  [0m] Reached target Slices.
[   16.917899] systemd[1]: Started Forward Password Requests to Wall Directory Watch.
[[0;32m  OK  [0m] Started Forward Password Requests to Wall Directory Watch.
[   17.217134] systemd[1]: Listening on Journal Socket (/dev/log).
[[0;32m  OK  [0m] Listening on Journal Socket (/dev/log).
[   17.365902] systemd[1]: Created slice system-serial\x2dgetty.slice.
[[0;32m  OK  [0m] Created slice system-serial\x2dgetty.slice.
[   17.509776] systemd[1]: Listening on Syslog Socket.
[[0;32m  OK  [0m] Listening on Syslog Socket.
[   17.668854] systemd[1]: Reached target Encrypted Volumes.
[[0;32m  OK  [0m] Reached target Encrypted Volumes.
[   17.783139] systemd[1]: Listening on Journal Socket.
[[0;32m  OK  [0m] Listening on Journal Socket.
[   17.836861] systemd[1]: Starting Monitoring of LVM2 mirrors, snapshots etc. using dmeventd or progress polling...
         Starting Monitoring of LVM2 mirrors... dmeventd or progress polling...
[   17.856443] systemd[1]: Starting Set console keymap...
         Starting Set console keymap...
[   17.864420] systemd[1]: Starting Remount Root and Kernel File Systems...
         Starting Remount Root a[   17.932988] EXT4-fs (sda1): re-mounted. Opts: (null)
nd Kernel File Systems...
[   18.116643] systemd[1]: Starting Nameserver information manager...
         Starting Nameserver information manager...
[   18.345783] systemd[1]: Starting Uncomplicated firewall...
         Starting Uncomplicated firewall...
[   18.533429] systemd[1]: Mounting Huge Pages File System...
         Mounting Huge Pages File System...
[   18.685335] systemd[1]: Mounting POSIX Message Queue File System...
         Mounting POSIX Message Queue File System...
[   18.797574] systemd[1]: Mounting Debug File System...
         Mounting Debug File System...
[   18.857453] systemd[1]: Starting Load Kernel Modules...
[   18.888779] Loading iSCSI transport class v2.0-870.
         Starting Load Kernel Mo[   18.895012] iscsi: registered transport (tcp)
dules...
[   18.981401] iscsi: registered transport (iser)
[   18.993023] systemd[1]: Starting Create list of required static device nodes for the current kernel...
         Starting Create list of required st... nodes for the current kernel...
[   19.095701] systemd[1]: Set up automount Arbitrary Executable File Formats File System Automount Point.
[[0;32m  OK  [0m] Set up automount Arbitrary Executab...ats File System Automount Point.
[   19.144562] systemd[1]: Listening on Journal Audit Socket.
[[0;32m  OK  [0m] Listening on Journal Audit Socket.
[   19.146647] systemd[1]: Starting Journal Service...
         Starting Journal Service...
[   19.165593] systemd[1]: Started Trigger resolvconf update for networkd DNS.
[[0;32m  OK  [0m] Started Trigger resolvconf update for networkd DNS.
[   19.189374] systd[: LieninonudevKeelocket.
[[0;32m  OK  [0m] Listening on udev Kernel Socket.
[  19.6273sytemd[1]: LiseninonVMpoll daemon socket.

[[0;32m  OK  [0m] Listening on LVM2 poll daemon socket.
[   19.995921] systemd[1]: Mounted Debug File System.
[[0;32m  OK  [0m] Mounted Debug File System.
[ 202103] ysmd1] Moued PIXessae Queue File System.
[[0;32m  OK  [0m] Mounted POSIX Message Queue File System.
[   20.609638] systemd[1]: Mounted Huge Pages File System.
[[0;32m  OK  [0m] Mounted Huge Pages File System.
[   20.611187] systemd[1]: Started Journal Service.
[[0;32m  OK  [0m] Started Journal Service.
[[0;32m  OK  [0m] Started Set console keymap.
[[0;32m  OK  [0m] Started Remount Root and Kernel File Systems.
[[0;32m  OK  [0m] Started Uncomplicated firewall.
[[0;32m  OK  [0m] Started Load Kernel Modules.
[[0;32m  OK  [0m] Started Create list of required sta...ce nodes for the current kernel.
[[0;32m  OK  [0m] Started Nameserver information manager.
[[0;32m  OK  [0m] Started LVM2 metadata daemon.
         Starting Create Static Device Nodes in /dev...
         Mounting FUSE Control File System...
         Starting Apply Kernel Variables...
         Starting udev Coldplug all Devices...
         Starting Load/Save Random Seed...
         Starting Flush Journal to Persistent Storage...
[[0;32m  OK  [0m] Mounted FUSE Control File System.
[[0;32m  OK  [0m] Started Monitoring of LVM2 mirrors,...ng dmeventd or progress polling.
[[0;32m  OK  [0m] Started Create Static Device Nodes in /dev.
[[0;32m  OK  [0m] Started Apply Kernel Variables.
[[0;32m  OK  [0m] Started Load/Save Random Seed.
[[0;32m  OK  [0m] Started udev Coldplug all Devices.
         Starting udev Kernel Device Manager...
[[0;32m  OK  [0m] Reached target Local File Systems (Pre).
[[0;32m  OK  [0m] Reached target Local File Systems.
         Starting Tell Plymouth To Write Out Runtime Data...
         Starting Initial cloud-init job (pre-networking)...
         Starting LSB: AppArmor initialization...
         Starting Set console font and keymap...
[[0;32m  OK  [0m] Started udev Kernel Device Manager.
[[0;32m  OK  [0m] Started Tell Plymouth To Write Out Runtime Data.
[[0;32m  OK  [0m] Started Flush Journal to Persistent Storage.
[[0;32m  OK  [0m] Started LSB: AppArmor initialization.
[[0;32m  OK  [0m] Found device /dev/ttyS0.
[[0;32m  OK  [0m] Listening on Load/Save RF Kill Switch Status /dev/rfkill Watch.
[   15.916127] cloud-init[508]: Cloud-init v. 19.3-41-gc4735dd3-0ubuntu1~16.04.1 running 'init-local' at Fri, 17 Jan 2020 10:39:28 +0000. Up 15.70 seconds.
         Starting Create Volatile Files and Directories...
[[0;32m  OK  [0m] Started Dispatch Password Requests to Console Directory Watch.
[[0;32m  OK  [0m] Started Set console font and keymap.
[[0;32m  OK  [0m] Started Create Volatile Files and Directories.
[[0;32m  OK  [0m] Started Initial cloud-init job (pre-networking).
[[0;32m  OK  [0m] Reached target Network (Pre).
[[0;32m  OK  [0m] Started ifup for enp0s8.
[[0;32m  OK  [0m] Started ifup for enp0s3.
         Starting Raise network interfaces...
         Starting Update UTMP about System Boot/Shutdown...
[[0;32m  OK  [0m] Created slice system-getty.slice.
[[0;32m  OK  [0m] Started Update UTMP about System Boot/Shutdown.
[[0;32m  OK  [0m] Started Raise network interfaces.
[[0;32m  OK  [0m] Reached target Network.
         Starting Initial cloud-init job (metadata service crawler)...
[   17.465365] cloud-init[1067]: Cloud-init v. 19.3-41-gc4735dd3-0ubuntu1~16.04.1 running 'init' at Fri, 17 Jan 2020 10:39:30 +0000. Up 17.28 seconds.
[   17.684712] cloud-init[1067]: ci-info: ++++++++++++++++++++++++++++++++++++++Net device info+++++++++++++++++++++++++++++++++++++++
[[0;32m  OK  [0m] Started Initial cloud-init job (metadata service crawler).
[[0;32m  OK  [0m] Reached target Network is Online.
[   17.788040] cloud-init[1067]: ci-info: +--------+------+-----------------------------+---------------+--------+-------------------+
[   18.001279] cloud-init[1067]: ci-info: | Device |  Up  |           Address           |      Mask     | Scope  |     Hw-Address    |
         Starting iSCSI initiator daemon (iscsid)...
[[0;32m  OK  [0m] Reached target System Initialization.
[   18.124149] cloud-init[1067]: ci-info: +--------+------+-----------------------------+---------------+--------+-------------------+
[   18.281925] cloud-init[1067]: ci-info: | enp0s3 | True |          10.0.2.15          | 255.255.255.0 | global | 02:d7:6c:25:93:fc |
[[0;32m  OK  [0m] Started Daily apt download activities.
[[0;32m  OK  [0m] Started Message of the Day.
[   18.381645] cloud-init[1067]: ci-info: | enp0s3 | True |  fe80::d7:6cff:fe25:93fc/64 |       .       |  link  | 02:d7:6c:25:93:fc |
[   18.533495] cloud-init[1067]: ci-info: | enp0s8 | True |        192.168.10.101       | 255.255.255.0 | global | 08:00:27:19:1d:ac |
[[0;32m  OK  [0m] Started ACPI Events Check.
[[0;32m  OK  [0m] Reached target Paths.
[[0;32m  OK  [0m] Listening on D-Bus System Message Bus Socket.
[   18.600664] cloud-init[1067]: ci-info: | enp0s8 | True | fe80::a00:27ff:fe19:1dac/64 |       .       |  link  | 08:00:27:19:1d:ac |
[   18.773388] cloud-init[1067]: ci-info: |   lo   | True |          127.0.0.1          |   255.0.0.0   |  host  |         .         |
[[0;32m  OK  [0m] Started Daily apt upgrade and clean activities.
         Starting Socket activation for snappy daemon.
[[0;32m  OK  [0m] Started Daily Cleanup of Temporary Directories.
[   18.872849] cloud-init[1067]: ci-info: |   lo   | True |           ::1/128           |       .       |  host  |         .         |
[   19.126401] cloud-init[1067]: ci-info: +--------+------+-----------------------------+---------------+--------+-------------------+
[[0;32m  OK  [0m] Reached target Timers.
[   19.128896] [cloud-init[0;32m  OK  [0m[1067]: ] ci-info: ++++++++++++++++++++++++++++Route IPv4 info++++++++++++++++++++++++++++Listening on UUID daemon activation socket.

[   19.299931] [cloud-init[0;32m  OK  [0m[1067]: ] ci-info: +-------+--------------+----------+---------------+-----------+-------+Listening on ACPID Listen Socket.

[   19.404200]          Starting LXD - unix socket.
[[0;32m  OK  [0m] Reached target Cloud-config availability.
cloud-init[1067]: ci-info: | Route | Destination  | Gateway  |    Genmask    | Interface | Flags |
[[0;32m  OK  [0m] Listening on Socket activation for snappy daemon.
[[0;32m  OK  [0m] Listening on LXD - unix socket.
[[0;32m  OK  [0m] Started iSCSI initiator daemon (iscsid).
[   19.726699] cloud-init[1067]: ci-info: +-------+--------------+----------+---------------+-----------+-------+
[   20.065153] cloud-init[1067]: ci-info: |   0   |   0.0.0.0    | 10.0.2.2 |    0.0.0.0    |   enp0s3  |   UG  |
[   20.180558] cloud-init[1067]: ci-info: |   1   |   10.0.2.0   | 0.0.0.0  | 255.255.255.0 |   enp0s3  |   U   |
         Starting Login to default iSCSI targets...
[[0;32m  OK  [0m] Reached target Sockets.
[   20.321468] cloud-init[1067]: ci-info: |   2   | 192.168.10.0 | 0.0.0.0  | 255.255.255.0 |   enp0s8  |   U   |
[   20.521174] cloud-init[1067]: ci-info: +-------+--------------+----------+---------------+-----------+-------+
[[0;32m  OK  [0m] Reached target Basic System.
[   20.591853] cloud-init[1067]: ci-info: +++++++++++++++++++Route IPv6 info+++++++++++++++++++
[   20.730465] cloud-init[1067]: ci-info: +-------+-------------+---------+-----------+-------+
[   20.760887] cloud-init[1067]: ci-info: | Route | Destination | Gateway | Interface | Flags |
[   20.775101] cloud-init[1067]: ci-info: +-------+-------------+---------+-----------+-------+
[   20.805103] cloud-init[1067]: ci-info: |   0   |  fe80::/64  |    ::   |   enp0s8  |   U   |
         Starting LXD - container startup/shutdown...
[   20.876981] cloud-init[1067]: ci-info: |   1   |  fe80::/64  |    ::   |   enp0s3  |   U   |
[   20.968223] cloud-init[1067]: ci-info: |   4   |   ff00::/8  |    ::   |   enp0s8  |   U   |
[   21.035170] cloud-init[1067]: ci-info: |   5   |   ff00::/8  |    ::   |   enp0s3  |   U   |
[   21.036150] cloud-init[1067]: ci-info: +-------+-------------+---------+-----------+-------+
[[0;32m  OK  [0m] Started Deferred execution scheduler.
[[0;32m  OK  [0m] Started D-Bus System Message Bus.
[[0;32m  OK  [0m] Started ACPI event daemon.
[[0;32m  OK  [0m] Started Regular background program processing daemon.
         Starting OpenBSD Secure Shell server...
[[0;32m  OK  [0m] Started FUSE filesystem for LXC.
         Starting Virtualbox guest utils...
         Starting LSB: Record successful boot for GRUB...
         Starting Snappy daemon...
         Starting Accounts Service...
         Starting Message of the Day...
         Starting Login Service...
         Starting System Logging Service...
         Starting LSB: MD monitoring daemon...
         Starting /etc/rc.local Compatibility...
[[0;32m  OK  [0m] Started System Logging Service.
[[0;32m  OK  [0m] Started LXD - container startup/shutdown.
[[0;32m  OK  [0m] Started /etc/rc.local Compatibility.
[[0;32m  OK  [0m] Started OpenBSD Secure Shell server.
[[0;32m  OK  [0m] Started Login Service.
[[0;32m  OK  [0m] Started Unattended Upgrades Shutdown.
         Starting Authenticate and Authorize Users to Run Privileged Tasks...
[[0;32m  OK  [0m] Started LSB: Record successful boot for GRUB.
[[0;32m  OK  [0m] Started LSB: MD monitoring daemon.
[[0;32m  OK  [0m] Started Virtualbox guest utils.
[[0;32m  OK  [0m] Started Login to default iSCSI targets.
[[0;32m  OK  [0m] Started Snappy daemon.
[[0;32m  OK  [0m] Started Authenticate and Authorize Users to Run Privileged Tasks.
[[0;32m  OK  [0m] Started Accounts Service.
         Starting Wait until snapd is fully seeded...
[[0;32m  OK  [0m] Reached target Remote File Systems (Pre).
[[0;32m  OK  [0m] Reached target Remote File Systems.
         Starting LSB: daemon to balance interrupts for SMP systems...
         Starting LSB: automatic crash report generation...
         Starting LSB: Set the CPU Frequency Scaling governor to "ondemand"...
         Starting Permit User Sessions...
[[0;32m  OK  [0m] Started Permit User Sessions.
[[0;32m  OK  [0m] Started Wait until snapd is fully seeded.
[[0;32m  OK  [0m] Created slice User Slice of vagrant.
[[0;32m  OK  [0m] Started Session 1 of user vagrant.
         Starting User Manager for UID 1000...
         Starting Apply the settings specified in cloud-config...
         Starting Hold until boot process finishes up...
         Starting Terminate Plymouth Boot Screen...
[[0;32m  OK  [0m] Started User Manager for UID 1000.
[[0;32m  OK  [0m] Started LSB: daemon to balance interrupts for SMP systems.
[[0;32m  OK  [0m] Started LSB: Set the CPU Frequency Scaling governor to "ondemand".
[[0;32m  OK  [0m] Started Hold until boot process finishes up.
[[0;32m  OK  [0m] Started Terminate Plymouth Boot Screen.
[[0;32m  OK  [0m] Started Serial Getty on ttyS0.
         Starting Set console scheme...
[[0;32m  OK  [0m] Started Getty on tty1.
[[0;32m  OK  [0m] Reached target Login Prompts.
[[0;32m  OK  [0m] Started LSB: automatic crash report generation.
[[0;32m  OK  [0m] Started Set console scheme.
[[0;32m  OK  [0m] Reached target Multi-User System.
[[0;32m  OK  [0m] Reached target Graphical Interface.
[   22.132442] cloud-init[1339]: Cloud-init v. 19.3-41-gc4735dd3-0ubuntu1~16.04.1 running 'modules:config' at Fri, 17 Jan 2020 10:39:35 +0000. Up 22.07 seconds.
         Starting Update UTMP about System Runlevel Changes...
[[0;32m  OK  [0m] Started Apply the settings specified in cloud-config.
         Starting Execute cloud user/final scripts...
[[0;32m  OK  [0m] Started Update UTMP about System Runlevel Changes.
[   22.497607] cloud-init[1372]: Cloud-init v. 19.3-41-gc4735dd3-0ubuntu1~16.04.1 running 'modules:final' at Fri, 17 Jan 2020 10:39:35 +0000. Up 22.42 seconds.
[   22.499648] cloud-init[1372]: Cloud-init v. 19.3-41-gc4735dd3-0ubuntu1~16.04.1 finished at Fri, 17 Jan 2020 10:39:35 +0000. Datasource DataSourceNoCloud [seed=/dev/sdb][dsmode=net].  Up 22.48 seconds
[[0;32m  OK  [0m] Started Execute cloud user/final scripts.
[[0;32m  OK  [0m] Reached target Cloud-init target.
         Starting Daily apt download activities...
[[0;32m  OK  [0m] Started Message of the Day.

Ubuntu 16.04.6 LTS ubuntu-xenial ttyS0

ubuntu-xenial login: 